#
# There is insufficient memory for the Java Runtime Environment to continue.
# Native memory allocation (malloc) failed to allocate 403056 bytes for Chunk::new
# Possible reasons:
#   The system is out of physical RAM or swap space
#   The process is running with CompressedOops enabled, and the Java Heap may be blocking the growth of the native heap
# Possible solutions:
#   Reduce memory load on the system
#   Increase physical memory or swap space
#   Check if swap backing store is full
#   Decrease Java heap size (-Xmx/-Xms)
#   Decrease number of Java threads
#   Decrease Java thread stack sizes (-Xss)
#   Set larger code cache with -XX:ReservedCodeCacheSize=
#   JVM is running with Zero Based Compressed Oops mode in which the Java heap is
#     placed in the first 32GB address space. The Java Heap base address is the
#     maximum limit for the native heap growth. Please use -XX:HeapBaseMinAddress
#     to set the Java Heap base and to place the Java Heap above 32GB virtual address.
# This output file may be truncated or incomplete.
#
#  Out of Memory Error (arena.cpp:191), pid=19268, tid=32248
#
# JRE version: OpenJDK Runtime Environment Temurin-17.0.9+9 (17.0.9+9) (build 17.0.9+9)
# Java VM: OpenJDK 64-Bit Server VM Temurin-17.0.9+9 (17.0.9+9, mixed mode, sharing, tiered, compressed oops, compressed class ptrs, g1 gc, windows-amd64)
# No core dump will be written. Minidumps are not enabled by default on client versions of Windows
#

---------------  S U M M A R Y ------------

Command Line: org.gradle.launcher.GradleMain -Dorg.gradle.jvmargs=-Xmx4096m --stop

Host: 12th Gen Intel(R) Core(TM) i7-12650H, 16 cores, 15G,  Windows 11 , 64 bit Build 26100 (10.0.26100.7705)
Time: Fri Mar 13 09:41:30 2026 Paris, Madrid elapsed time: 7.388605 seconds (0d 0h 0m 7s)

---------------  T H R E A D  ---------------

Current thread (0x000002be88956a20):  JavaThread "C2 CompilerThread4" daemon [_thread_in_native, id=32248, stack(0x000000e1b3e00000,0x000000e1b3f00000)]


Current CompileTask:
C2:   7388  453       4       java.util.HashSet::add (20 bytes)

Stack: [0x000000e1b3e00000,0x000000e1b3f00000]
Native frames: (J=compiled Java code, j=interpreted, Vv=VM code, C=native code)
V  [jvm.dll+0x67cf49]
V  [jvm.dll+0x83478a]
V  [jvm.dll+0x83624e]
V  [jvm.dll+0x8368b3]
V  [jvm.dll+0x247f1f]
V  [jvm.dll+0xac43c]
V  [jvm.dll+0xaca8c]
V  [jvm.dll+0x367067]
V  [jvm.dll+0x3313ba]
V  [jvm.dll+0x33085a]
V  [jvm.dll+0x21a5b1]
V  [jvm.dll+0x2199d1]
V  [jvm.dll+0x1a57cd]
V  [jvm.dll+0x2297ae]
V  [jvm.dll+0x22797c]
V  [jvm.dll+0x7e9877]
V  [jvm.dll+0x7e3c3a]
V  [jvm.dll+0x67be35]
C  [ucrtbase.dll+0x37b0]
C  [KERNEL32.DLL+0x2e8d7]
C  [ntdll.dll+0x8c40c]


---------------  P R O C E S S  ---------------

Threads class SMR info:
_java_thread_list=0x000002be884ef900, length=16, elements={
0x000002bee4747330, 0x000002be87f77b80, 0x000002be87f78450, 0x000002be87f8bcd0,
0x000002be87f905b0, 0x000002be87f90e80, 0x000002be87f91750, 0x000002be87f94410,
0x000002be87fa22f0, 0x000002be87fc4830, 0x000002be883ea110, 0x000002be883ed8d0,
0x000002be884d6830, 0x000002be88563090, 0x000002be884eb200, 0x000002be88956a20
}

Java Threads: ( => current thread )
  0x000002bee4747330 JavaThread "main" [_thread_in_native, id=29496, stack(0x000000e1b2700000,0x000000e1b2800000)]
  0x000002be87f77b80 JavaThread "Reference Handler" daemon [_thread_blocked, id=33764, stack(0x000000e1b2e00000,0x000000e1b2f00000)]
  0x000002be87f78450 JavaThread "Finalizer" daemon [_thread_blocked, id=31836, stack(0x000000e1b2f00000,0x000000e1b3000000)]
  0x000002be87f8bcd0 JavaThread "Signal Dispatcher" daemon [_thread_blocked, id=28904, stack(0x000000e1b3000000,0x000000e1b3100000)]
  0x000002be87f905b0 JavaThread "Attach Listener" daemon [_thread_blocked, id=27324, stack(0x000000e1b3100000,0x000000e1b3200000)]
  0x000002be87f90e80 JavaThread "Service Thread" daemon [_thread_blocked, id=29720, stack(0x000000e1b3200000,0x000000e1b3300000)]
  0x000002be87f91750 JavaThread "Monitor Deflation Thread" daemon [_thread_blocked, id=32500, stack(0x000000e1b3300000,0x000000e1b3400000)]
  0x000002be87f94410 JavaThread "C2 CompilerThread0" daemon [_thread_blocked, id=26848, stack(0x000000e1b3400000,0x000000e1b3500000)]
  0x000002be87fa22f0 JavaThread "C1 CompilerThread0" daemon [_thread_blocked, id=12040, stack(0x000000e1b3500000,0x000000e1b3600000)]
  0x000002be87fc4830 JavaThread "Sweeper thread" daemon [_thread_blocked, id=18772, stack(0x000000e1b3600000,0x000000e1b3700000)]
  0x000002be883ea110 JavaThread "Notification Thread" daemon [_thread_blocked, id=29316, stack(0x000000e1b3800000,0x000000e1b3900000)]
  0x000002be883ed8d0 JavaThread "Common-Cleaner" daemon [_thread_blocked, id=33016, stack(0x000000e1b3a00000,0x000000e1b3b00000)]
  0x000002be884d6830 JavaThread "C2 CompilerThread1" daemon [_thread_blocked, id=30772, stack(0x000000e1b3b00000,0x000000e1b3c00000)]
  0x000002be88563090 JavaThread "C2 CompilerThread2" daemon [_thread_blocked, id=30224, stack(0x000000e1b3c00000,0x000000e1b3d00000)]
  0x000002be884eb200 JavaThread "C2 CompilerThread3" daemon [_thread_blocked, id=9016, stack(0x000000e1b3d00000,0x000000e1b3e00000)]
=>0x000002be88956a20 JavaThread "C2 CompilerThread4" daemon [_thread_in_native, id=32248, stack(0x000000e1b3e00000,0x000000e1b3f00000)]

Other Threads:
  0x000002be87f722b0 VMThread "VM Thread" [stack: 0x000000e1b2d00000,0x000000e1b2e00000] [id=28488]
  0x000002be883ea5f0 WatcherThread [stack: 0x000000e1b3900000,0x000000e1b3a00000] [id=30252]
  0x000002bee47b6500 GCTaskThread "GC Thread#0" [stack: 0x000000e1b2800000,0x000000e1b2900000] [id=32832]
  0x000002be885635b0 GCTaskThread "GC Thread#1" [stack: 0x000000e1b3700000,0x000000e1b3800000] [id=32956]
  0x000002be884eb720 GCTaskThread "GC Thread#2" [stack: 0x000000e1b3f00000,0x000000e1b4000000] [id=20640]
  0x000002be88dd2440 GCTaskThread "GC Thread#3" [stack: 0x000000e1b4000000,0x000000e1b4100000] [id=6016]
  0x000002be88dd29c0 GCTaskThread "GC Thread#4" [stack: 0x000000e1b4100000,0x000000e1b4200000] [id=32516]
  0x000002be88dd1c00 GCTaskThread "GC Thread#5" [stack: 0x000000e1b4200000,0x000000e1b4300000] [id=8304]
  0x000002bee47c6f20 ConcurrentGCThread "G1 Main Marker" [stack: 0x000000e1b2900000,0x000000e1b2a00000] [id=30456]
  0x000002bee47c7850 ConcurrentGCThread "G1 Conc#0" [stack: 0x000000e1b2a00000,0x000000e1b2b00000] [id=29820]
  0x000002bee47fe690 ConcurrentGCThread "G1 Refine#0" [stack: 0x000000e1b2b00000,0x000000e1b2c00000] [id=30600]
  0x000002be87eb02c0 ConcurrentGCThread "G1 Service" [stack: 0x000000e1b2c00000,0x000000e1b2d00000] [id=15500]

Threads with active compile tasks:
C2 CompilerThread0     8419  532 %     4       java.util.Properties$LineReader::readLine @ 224 (584 bytes)
C1 CompilerThread0     8419  533       3       java.util.concurrent.ConcurrentHashMap::put (8 bytes)
C2 CompilerThread4     8419  453       4       java.util.HashSet::add (20 bytes)

VM state: not at safepoint (normal execution)

VM Mutex/Monitor currently owned by a thread: None

Heap address: 0x0000000704400000, size: 4028 MB, Compressed Oops mode: Zero based, Oop shift amount: 3

CDS archive(s) mapped at: [0x000002be89000000-0x000002be89ba0000-0x000002be89ba0000), size 12189696, SharedBaseAddress: 0x000002be89000000, ArchiveRelocationMode: 1.
Compressed class space mapped at: 0x000002be8a000000-0x000002beca000000, reserved size: 1073741824
Narrow klass base: 0x000002be89000000, Narrow klass shift: 0, Narrow klass range: 0x100000000

GC Precious Log:
 CPUs: 16 total, 16 available
 Memory: 16104M
 Large Page Support: Disabled
 NUMA Support: Disabled
 Compressed Oops: Enabled (Zero based)
 Heap Region Size: 2M
 Heap Min Capacity: 8M
 Heap Initial Capacity: 252M
 Heap Max Capacity: 4028M
 Pre-touch: Disabled
 Parallel Workers: 13
 Concurrent Workers: 3
 Concurrent Refinement Workers: 13
 Periodic GC: Disabled

Heap:
 garbage-first heap   total 258048K, used 1529K [0x0000000704400000, 0x0000000800000000)
  region size 2048K, 2 young (4096K), 1 survivors (2048K)
 Metaspace       used 937K, committed 1088K, reserved 1114112K
  class space    used 63K, committed 128K, reserved 1048576K

Heap Regions: E=young(eden), S=young(survivor), O=old, HS=humongous(starts), HC=humongous(continues), CS=collection set, F=free, OA=open archive, CA=closed archive, TAMS=top-at-mark-start (previous, next)
|   0|0x0000000704400000, 0x0000000704400000, 0x0000000704600000|  0%| F|  |TAMS 0x0000000704400000, 0x0000000704400000| Untracked 
|   1|0x0000000704600000, 0x0000000704600000, 0x0000000704800000|  0%| F|  |TAMS 0x0000000704600000, 0x0000000704600000| Untracked 
|   2|0x0000000704800000, 0x0000000704800000, 0x0000000704a00000|  0%| F|  |TAMS 0x0000000704800000, 0x0000000704800000| Untracked 
|   3|0x0000000704a00000, 0x0000000704a00000, 0x0000000704c00000|  0%| F|  |TAMS 0x0000000704a00000, 0x0000000704a00000| Untracked 
|   4|0x0000000704c00000, 0x0000000704c00000, 0x0000000704e00000|  0%| F|  |TAMS 0x0000000704c00000, 0x0000000704c00000| Untracked 
|   5|0x0000000704e00000, 0x0000000704e00000, 0x0000000705000000|  0%| F|  |TAMS 0x0000000704e00000, 0x0000000704e00000| Untracked 
|   6|0x0000000705000000, 0x0000000705000000, 0x0000000705200000|  0%| F|  |TAMS 0x0000000705000000, 0x0000000705000000| Untracked 
|   7|0x0000000705200000, 0x0000000705200000, 0x0000000705400000|  0%| F|  |TAMS 0x0000000705200000, 0x0000000705200000| Untracked 
|   8|0x0000000705400000, 0x0000000705400000, 0x0000000705600000|  0%| F|  |TAMS 0x0000000705400000, 0x0000000705400000| Untracked 
|   9|0x0000000705600000, 0x0000000705600000, 0x0000000705800000|  0%| F|  |TAMS 0x0000000705600000, 0x0000000705600000| Untracked 
|  10|0x0000000705800000, 0x0000000705800000, 0x0000000705a00000|  0%| F|  |TAMS 0x0000000705800000, 0x0000000705800000| Untracked 
|  11|0x0000000705a00000, 0x0000000705a00000, 0x0000000705c00000|  0%| F|  |TAMS 0x0000000705a00000, 0x0000000705a00000| Untracked 
|  12|0x0000000705c00000, 0x0000000705c00000, 0x0000000705e00000|  0%| F|  |TAMS 0x0000000705c00000, 0x0000000705c00000| Untracked 
|  13|0x0000000705e00000, 0x0000000705e00000, 0x0000000706000000|  0%| F|  |TAMS 0x0000000705e00000, 0x0000000705e00000| Untracked 
|  14|0x0000000706000000, 0x0000000706000000, 0x0000000706200000|  0%| F|  |TAMS 0x0000000706000000, 0x0000000706000000| Untracked 
|  15|0x0000000706200000, 0x0000000706200000, 0x0000000706400000|  0%| F|  |TAMS 0x0000000706200000, 0x0000000706200000| Untracked 
|  16|0x0000000706400000, 0x0000000706400000, 0x0000000706600000|  0%| F|  |TAMS 0x0000000706400000, 0x0000000706400000| Untracked 
|  17|0x0000000706600000, 0x0000000706600000, 0x0000000706800000|  0%| F|  |TAMS 0x0000000706600000, 0x0000000706600000| Untracked 
|  18|0x0000000706800000, 0x0000000706800000, 0x0000000706a00000|  0%| F|  |TAMS 0x0000000706800000, 0x0000000706800000| Untracked 
|  19|0x0000000706a00000, 0x0000000706a00000, 0x0000000706c00000|  0%| F|  |TAMS 0x0000000706a00000, 0x0000000706a00000| Untracked 
|  20|0x0000000706c00000, 0x0000000706c00000, 0x0000000706e00000|  0%| F|  |TAMS 0x0000000706c00000, 0x0000000706c00000| Untracked 
|  21|0x0000000706e00000, 0x0000000706e00000, 0x0000000707000000|  0%| F|  |TAMS 0x0000000706e00000, 0x0000000706e00000| Untracked 
|  22|0x0000000707000000, 0x0000000707000000, 0x0000000707200000|  0%| F|  |TAMS 0x0000000707000000, 0x0000000707000000| Untracked 
|  23|0x0000000707200000, 0x0000000707200000, 0x0000000707400000|  0%| F|  |TAMS 0x0000000707200000, 0x0000000707200000| Untracked 
|  24|0x0000000707400000, 0x0000000707400000, 0x0000000707600000|  0%| F|  |TAMS 0x0000000707400000, 0x0000000707400000| Untracked 
|  25|0x0000000707600000, 0x0000000707600000, 0x0000000707800000|  0%| F|  |TAMS 0x0000000707600000, 0x0000000707600000| Untracked 
|  26|0x0000000707800000, 0x0000000707800000, 0x0000000707a00000|  0%| F|  |TAMS 0x0000000707800000, 0x0000000707800000| Untracked 
|  27|0x0000000707a00000, 0x0000000707a00000, 0x0000000707c00000|  0%| F|  |TAMS 0x0000000707a00000, 0x0000000707a00000| Untracked 
|  28|0x0000000707c00000, 0x0000000707c00000, 0x0000000707e00000|  0%| F|  |TAMS 0x0000000707c00000, 0x0000000707c00000| Untracked 
|  29|0x0000000707e00000, 0x0000000707e00000, 0x0000000708000000|  0%| F|  |TAMS 0x0000000707e00000, 0x0000000707e00000| Untracked 
|  30|0x0000000708000000, 0x0000000708000000, 0x0000000708200000|  0%| F|  |TAMS 0x0000000708000000, 0x0000000708000000| Untracked 
|  31|0x0000000708200000, 0x0000000708200000, 0x0000000708400000|  0%| F|  |TAMS 0x0000000708200000, 0x0000000708200000| Untracked 
|  32|0x0000000708400000, 0x0000000708400000, 0x0000000708600000|  0%| F|  |TAMS 0x0000000708400000, 0x0000000708400000| Untracked 
|  33|0x0000000708600000, 0x0000000708600000, 0x0000000708800000|  0%| F|  |TAMS 0x0000000708600000, 0x0000000708600000| Untracked 
|  34|0x0000000708800000, 0x0000000708800000, 0x0000000708a00000|  0%| F|  |TAMS 0x0000000708800000, 0x0000000708800000| Untracked 
|  35|0x0000000708a00000, 0x0000000708a00000, 0x0000000708c00000|  0%| F|  |TAMS 0x0000000708a00000, 0x0000000708a00000| Untracked 
|  36|0x0000000708c00000, 0x0000000708c00000, 0x0000000708e00000|  0%| F|  |TAMS 0x0000000708c00000, 0x0000000708c00000| Untracked 
|  37|0x0000000708e00000, 0x0000000708e00000, 0x0000000709000000|  0%| F|  |TAMS 0x0000000708e00000, 0x0000000708e00000| Untracked 
|  38|0x0000000709000000, 0x0000000709000000, 0x0000000709200000|  0%| F|  |TAMS 0x0000000709000000, 0x0000000709000000| Untracked 
|  39|0x0000000709200000, 0x0000000709200000, 0x0000000709400000|  0%| F|  |TAMS 0x0000000709200000, 0x0000000709200000| Untracked 
|  40|0x0000000709400000, 0x0000000709400000, 0x0000000709600000|  0%| F|  |TAMS 0x0000000709400000, 0x0000000709400000| Untracked 
|  41|0x0000000709600000, 0x0000000709600000, 0x0000000709800000|  0%| F|  |TAMS 0x0000000709600000, 0x0000000709600000| Untracked 
|  42|0x0000000709800000, 0x0000000709800000, 0x0000000709a00000|  0%| F|  |TAMS 0x0000000709800000, 0x0000000709800000| Untracked 
|  43|0x0000000709a00000, 0x0000000709a00000, 0x0000000709c00000|  0%| F|  |TAMS 0x0000000709a00000, 0x0000000709a00000| Untracked 
|  44|0x0000000709c00000, 0x0000000709c00000, 0x0000000709e00000|  0%| F|  |TAMS 0x0000000709c00000, 0x0000000709c00000| Untracked 
|  45|0x0000000709e00000, 0x0000000709e00000, 0x000000070a000000|  0%| F|  |TAMS 0x0000000709e00000, 0x0000000709e00000| Untracked 
|  46|0x000000070a000000, 0x000000070a000000, 0x000000070a200000|  0%| F|  |TAMS 0x000000070a000000, 0x000000070a000000| Untracked 
|  47|0x000000070a200000, 0x000000070a200000, 0x000000070a400000|  0%| F|  |TAMS 0x000000070a200000, 0x000000070a200000| Untracked 
|  48|0x000000070a400000, 0x000000070a400000, 0x000000070a600000|  0%| F|  |TAMS 0x000000070a400000, 0x000000070a400000| Untracked 
|  49|0x000000070a600000, 0x000000070a600000, 0x000000070a800000|  0%| F|  |TAMS 0x000000070a600000, 0x000000070a600000| Untracked 
|  50|0x000000070a800000, 0x000000070a800000, 0x000000070aa00000|  0%| F|  |TAMS 0x000000070a800000, 0x000000070a800000| Untracked 
|  51|0x000000070aa00000, 0x000000070aa00000, 0x000000070ac00000|  0%| F|  |TAMS 0x000000070aa00000, 0x000000070aa00000| Untracked 
|  52|0x000000070ac00000, 0x000000070ac00000, 0x000000070ae00000|  0%| F|  |TAMS 0x000000070ac00000, 0x000000070ac00000| Untracked 
|  53|0x000000070ae00000, 0x000000070ae00000, 0x000000070b000000|  0%| F|  |TAMS 0x000000070ae00000, 0x000000070ae00000| Untracked 
|  54|0x000000070b000000, 0x000000070b000000, 0x000000070b200000|  0%| F|  |TAMS 0x000000070b000000, 0x000000070b000000| Untracked 
|  55|0x000000070b200000, 0x000000070b200000, 0x000000070b400000|  0%| F|  |TAMS 0x000000070b200000, 0x000000070b200000| Untracked 
|  56|0x000000070b400000, 0x000000070b400000, 0x000000070b600000|  0%| F|  |TAMS 0x000000070b400000, 0x000000070b400000| Untracked 
|  57|0x000000070b600000, 0x000000070b600000, 0x000000070b800000|  0%| F|  |TAMS 0x000000070b600000, 0x000000070b600000| Untracked 
|  58|0x000000070b800000, 0x000000070b800000, 0x000000070ba00000|  0%| F|  |TAMS 0x000000070b800000, 0x000000070b800000| Untracked 
|  59|0x000000070ba00000, 0x000000070ba00000, 0x000000070bc00000|  0%| F|  |TAMS 0x000000070ba00000, 0x000000070ba00000| Untracked 
|  60|0x000000070bc00000, 0x000000070bc00000, 0x000000070be00000|  0%| F|  |TAMS 0x000000070bc00000, 0x000000070bc00000| Untracked 
|  61|0x000000070be00000, 0x000000070be00000, 0x000000070c000000|  0%| F|  |TAMS 0x000000070be00000, 0x000000070be00000| Untracked 
|  62|0x000000070c000000, 0x000000070c000000, 0x000000070c200000|  0%| F|  |TAMS 0x000000070c000000, 0x000000070c000000| Untracked 
|  63|0x000000070c200000, 0x000000070c200000, 0x000000070c400000|  0%| F|  |TAMS 0x000000070c200000, 0x000000070c200000| Untracked 
|  64|0x000000070c400000, 0x000000070c400000, 0x000000070c600000|  0%| F|  |TAMS 0x000000070c400000, 0x000000070c400000| Untracked 
|  65|0x000000070c600000, 0x000000070c600000, 0x000000070c800000|  0%| F|  |TAMS 0x000000070c600000, 0x000000070c600000| Untracked 
|  66|0x000000070c800000, 0x000000070c800000, 0x000000070ca00000|  0%| F|  |TAMS 0x000000070c800000, 0x000000070c800000| Untracked 
|  67|0x000000070ca00000, 0x000000070ca00000, 0x000000070cc00000|  0%| F|  |TAMS 0x000000070ca00000, 0x000000070ca00000| Untracked 
|  68|0x000000070cc00000, 0x000000070cc00000, 0x000000070ce00000|  0%| F|  |TAMS 0x000000070cc00000, 0x000000070cc00000| Untracked 
|  69|0x000000070ce00000, 0x000000070ce00000, 0x000000070d000000|  0%| F|  |TAMS 0x000000070ce00000, 0x000000070ce00000| Untracked 
|  70|0x000000070d000000, 0x000000070d000000, 0x000000070d200000|  0%| F|  |TAMS 0x000000070d000000, 0x000000070d000000| Untracked 
|  71|0x000000070d200000, 0x000000070d200000, 0x000000070d400000|  0%| F|  |TAMS 0x000000070d200000, 0x000000070d200000| Untracked 
|  72|0x000000070d400000, 0x000000070d400000, 0x000000070d600000|  0%| F|  |TAMS 0x000000070d400000, 0x000000070d400000| Untracked 
|  73|0x000000070d600000, 0x000000070d600000, 0x000000070d800000|  0%| F|  |TAMS 0x000000070d600000, 0x000000070d600000| Untracked 
|  74|0x000000070d800000, 0x000000070d800000, 0x000000070da00000|  0%| F|  |TAMS 0x000000070d800000, 0x000000070d800000| Untracked 
|  75|0x000000070da00000, 0x000000070da00000, 0x000000070dc00000|  0%| F|  |TAMS 0x000000070da00000, 0x000000070da00000| Untracked 
|  76|0x000000070dc00000, 0x000000070dc00000, 0x000000070de00000|  0%| F|  |TAMS 0x000000070dc00000, 0x000000070dc00000| Untracked 
|  77|0x000000070de00000, 0x000000070de00000, 0x000000070e000000|  0%| F|  |TAMS 0x000000070de00000, 0x000000070de00000| Untracked 
|  78|0x000000070e000000, 0x000000070e000000, 0x000000070e200000|  0%| F|  |TAMS 0x000000070e000000, 0x000000070e000000| Untracked 
|  79|0x000000070e200000, 0x000000070e200000, 0x000000070e400000|  0%| F|  |TAMS 0x000000070e200000, 0x000000070e200000| Untracked 
|  80|0x000000070e400000, 0x000000070e400000, 0x000000070e600000|  0%| F|  |TAMS 0x000000070e400000, 0x000000070e400000| Untracked 
|  81|0x000000070e600000, 0x000000070e600000, 0x000000070e800000|  0%| F|  |TAMS 0x000000070e600000, 0x000000070e600000| Untracked 
|  82|0x000000070e800000, 0x000000070e800000, 0x000000070ea00000|  0%| F|  |TAMS 0x000000070e800000, 0x000000070e800000| Untracked 
|  83|0x000000070ea00000, 0x000000070ea00000, 0x000000070ec00000|  0%| F|  |TAMS 0x000000070ea00000, 0x000000070ea00000| Untracked 
|  84|0x000000070ec00000, 0x000000070ec00000, 0x000000070ee00000|  0%| F|  |TAMS 0x000000070ec00000, 0x000000070ec00000| Untracked 
|  85|0x000000070ee00000, 0x000000070ee00000, 0x000000070f000000|  0%| F|  |TAMS 0x000000070ee00000, 0x000000070ee00000| Untracked 
|  86|0x000000070f000000, 0x000000070f000000, 0x000000070f200000|  0%| F|  |TAMS 0x000000070f000000, 0x000000070f000000| Untracked 
|  87|0x000000070f200000, 0x000000070f200000, 0x000000070f400000|  0%| F|  |TAMS 0x000000070f200000, 0x000000070f200000| Untracked 
|  88|0x000000070f400000, 0x000000070f400000, 0x000000070f600000|  0%| F|  |TAMS 0x000000070f400000, 0x000000070f400000| Untracked 
|  89|0x000000070f600000, 0x000000070f600000, 0x000000070f800000|  0%| F|  |TAMS 0x000000070f600000, 0x000000070f600000| Untracked 
|  90|0x000000070f800000, 0x000000070f800000, 0x000000070fa00000|  0%| F|  |TAMS 0x000000070f800000, 0x000000070f800000| Untracked 
|  91|0x000000070fa00000, 0x000000070fa00000, 0x000000070fc00000|  0%| F|  |TAMS 0x000000070fa00000, 0x000000070fa00000| Untracked 
|  92|0x000000070fc00000, 0x000000070fc00000, 0x000000070fe00000|  0%| F|  |TAMS 0x000000070fc00000, 0x000000070fc00000| Untracked 
|  93|0x000000070fe00000, 0x000000070fe00000, 0x0000000710000000|  0%| F|  |TAMS 0x000000070fe00000, 0x000000070fe00000| Untracked 
|  94|0x0000000710000000, 0x0000000710000000, 0x0000000710200000|  0%| F|  |TAMS 0x0000000710000000, 0x0000000710000000| Untracked 
|  95|0x0000000710200000, 0x0000000710200000, 0x0000000710400000|  0%| F|  |TAMS 0x0000000710200000, 0x0000000710200000| Untracked 
|  96|0x0000000710400000, 0x0000000710400000, 0x0000000710600000|  0%| F|  |TAMS 0x0000000710400000, 0x0000000710400000| Untracked 
|  97|0x0000000710600000, 0x0000000710600000, 0x0000000710800000|  0%| F|  |TAMS 0x0000000710600000, 0x0000000710600000| Untracked 
|  98|0x0000000710800000, 0x0000000710800000, 0x0000000710a00000|  0%| F|  |TAMS 0x0000000710800000, 0x0000000710800000| Untracked 
|  99|0x0000000710a00000, 0x0000000710a00000, 0x0000000710c00000|  0%| F|  |TAMS 0x0000000710a00000, 0x0000000710a00000| Untracked 
| 100|0x0000000710c00000, 0x0000000710c00000, 0x0000000710e00000|  0%| F|  |TAMS 0x0000000710c00000, 0x0000000710c00000| Untracked 
| 101|0x0000000710e00000, 0x0000000710e00000, 0x0000000711000000|  0%| F|  |TAMS 0x0000000710e00000, 0x0000000710e00000| Untracked 
| 102|0x0000000711000000, 0x0000000711000000, 0x0000000711200000|  0%| F|  |TAMS 0x0000000711000000, 0x0000000711000000| Untracked 
| 103|0x0000000711200000, 0x0000000711200000, 0x0000000711400000|  0%| F|  |TAMS 0x0000000711200000, 0x0000000711200000| Untracked 
| 104|0x0000000711400000, 0x0000000711400000, 0x0000000711600000|  0%| F|  |TAMS 0x0000000711400000, 0x0000000711400000| Untracked 
| 105|0x0000000711600000, 0x0000000711600000, 0x0000000711800000|  0%| F|  |TAMS 0x0000000711600000, 0x0000000711600000| Untracked 
| 106|0x0000000711800000, 0x0000000711800000, 0x0000000711a00000|  0%| F|  |TAMS 0x0000000711800000, 0x0000000711800000| Untracked 
| 107|0x0000000711a00000, 0x0000000711a00000, 0x0000000711c00000|  0%| F|  |TAMS 0x0000000711a00000, 0x0000000711a00000| Untracked 
| 108|0x0000000711c00000, 0x0000000711c00000, 0x0000000711e00000|  0%| F|  |TAMS 0x0000000711c00000, 0x0000000711c00000| Untracked 
| 109|0x0000000711e00000, 0x0000000711e00000, 0x0000000712000000|  0%| F|  |TAMS 0x0000000711e00000, 0x0000000711e00000| Untracked 
| 110|0x0000000712000000, 0x0000000712000000, 0x0000000712200000|  0%| F|  |TAMS 0x0000000712000000, 0x0000000712000000| Untracked 
| 111|0x0000000712200000, 0x0000000712200000, 0x0000000712400000|  0%| F|  |TAMS 0x0000000712200000, 0x0000000712200000| Untracked 
| 112|0x0000000712400000, 0x0000000712400000, 0x0000000712600000|  0%| F|  |TAMS 0x0000000712400000, 0x0000000712400000| Untracked 
| 113|0x0000000712600000, 0x0000000712600000, 0x0000000712800000|  0%| F|  |TAMS 0x0000000712600000, 0x0000000712600000| Untracked 
| 114|0x0000000712800000, 0x000000071297e738, 0x0000000712a00000| 74%| S|CS|TAMS 0x0000000712800000, 0x0000000712800000| Complete 
| 115|0x0000000712a00000, 0x0000000712a00000, 0x0000000712c00000|  0%| F|  |TAMS 0x0000000712a00000, 0x0000000712a00000| Untracked 
| 116|0x0000000712c00000, 0x0000000712c00000, 0x0000000712e00000|  0%| F|  |TAMS 0x0000000712c00000, 0x0000000712c00000| Untracked 
| 117|0x0000000712e00000, 0x0000000712e00000, 0x0000000713000000|  0%| F|  |TAMS 0x0000000712e00000, 0x0000000712e00000| Untracked 
| 118|0x0000000713000000, 0x0000000713000000, 0x0000000713200000|  0%| F|  |TAMS 0x0000000713000000, 0x0000000713000000| Untracked 
| 119|0x0000000713200000, 0x0000000713200000, 0x0000000713400000|  0%| F|  |TAMS 0x0000000713200000, 0x0000000713200000| Untracked 
| 120|0x0000000713400000, 0x0000000713400000, 0x0000000713600000|  0%| F|  |TAMS 0x0000000713400000, 0x0000000713400000| Untracked 
| 121|0x0000000713600000, 0x0000000713600000, 0x0000000713800000|  0%| F|  |TAMS 0x0000000713600000, 0x0000000713600000| Untracked 
| 122|0x0000000713800000, 0x0000000713800000, 0x0000000713a00000|  0%| F|  |TAMS 0x0000000713800000, 0x0000000713800000| Untracked 
| 123|0x0000000713a00000, 0x0000000713a00000, 0x0000000713c00000|  0%| F|  |TAMS 0x0000000713a00000, 0x0000000713a00000| Untracked 
| 124|0x0000000713c00000, 0x0000000713c00000, 0x0000000713e00000|  0%| F|  |TAMS 0x0000000713c00000, 0x0000000713c00000| Untracked 
| 125|0x0000000713e00000, 0x0000000713ee7990, 0x0000000714000000| 45%| E|  |TAMS 0x0000000713e00000, 0x0000000713e00000| Complete 

Card table byte_map: [0x000002befc2d0000,0x000002befcab0000] _byte_map_base: 0x000002bef8aae000

Marking Bits (Prev, Next): (CMBitMap*) 0x000002bee47b6a30, (CMBitMap*) 0x000002bee47b6a70
 Prev Bits: [0x000002be80000000, 0x000002be83ef0000)
 Next Bits: [0x000002be83ef0000, 0x000002be87de0000)

Polling page: 0x000002bee2480000

Metaspace:

Usage:
  Non-class:    883.69 KB used.
      Class:     64.74 KB used.
       Both:    948.43 KB used.

Virtual space:
  Non-class space:       64.00 MB reserved,     960.00 KB (  1%) committed,  1 nodes.
      Class space:        1.00 GB reserved,     128.00 KB ( <1%) committed,  1 nodes.
             Both:        1.06 GB reserved,       1.06 MB ( <1%) committed. 

Chunk freelists:
   Non-Class:  11.79 MB
       Class:  15.70 MB
        Both:  27.50 MB

MaxMetaspaceSize: unlimited
CompressedClassSpaceSize: 1.00 GB
Initial GC threshold: 21.00 MB
Current GC threshold: 21.00 MB
CDS: on
MetaspaceReclaimPolicy: balanced
 - commit_granule_bytes: 65536.
 - commit_granule_words: 8192.
 - virtual_space_node_default_size: 8388608.
 - enlarge_chunks_in_place: 1.
 - new_chunks_are_fully_committed: 0.
 - uncommit_free_chunks: 1.
 - use_allocation_guard: 0.
 - handle_deallocations: 1.


Internal statistics:

num_allocs_failed_limit: 0.
num_arena_births: 12.
num_arena_deaths: 0.
num_vsnodes_births: 2.
num_vsnodes_deaths: 0.
num_space_committed: 17.
num_space_uncommitted: 0.
num_chunks_returned_to_freelist: 0.
num_chunks_taken_from_freelist: 32.
num_chunk_merges: 0.
num_chunk_splits: 17.
num_chunks_enlarged: 9.
num_inconsistent_stats: 0.

CodeHeap 'non-profiled nmethods': size=119168Kb used=206Kb max_used=206Kb free=118961Kb
 bounds [0x000002bef3e00000, 0x000002bef4070000, 0x000002befb260000]
CodeHeap 'profiled nmethods': size=119104Kb used=855Kb max_used=855Kb free=118248Kb
 bounds [0x000002beec260000, 0x000002beec4d0000, 0x000002bef36b0000]
CodeHeap 'non-nmethods': size=7488Kb used=1098Kb max_used=1677Kb free=6389Kb
 bounds [0x000002bef36b0000, 0x000002bef3920000, 0x000002bef3e00000]
 total_blobs=906 nmethods=534 adapters=285
 compilation: enabled
              stopped_count=0, restarted_count=0
 full_count=0

Compilation events (20 events):
Event: 3.337 Thread 0x000002be87fa22f0  514       3       java.net.URI$Parser::scan (41 bytes)
Event: 3.338 Thread 0x000002be87fa22f0 nmethod 514 0x000002beec324410 code [0x000002beec324660, 0x000002beec324f98]
Event: 3.338 Thread 0x000002be87fa22f0  517       3       java.net.URI::quote (214 bytes)
Event: 3.338 Thread 0x000002be87f94410  494       4       java.lang.AbstractStringBuilder::append (77 bytes)
Event: 3.340 Thread 0x000002be87fa22f0 nmethod 517 0x000002beec325390 code [0x000002beec325740, 0x000002beec326f98]
Event: 3.340 Thread 0x000002be87fa22f0  512       3       java.lang.Character::isLetterOrDigit (5 bytes)
Event: 3.341 Thread 0x000002be87fa22f0 nmethod 512 0x000002beec327910 code [0x000002beec327ae0, 0x000002beec327df8]
Event: 3.341 Thread 0x000002be87fa22f0  513       3       java.lang.Character::isLetterOrDigit (19 bytes)
Event: 3.341 Thread 0x000002be87fa22f0 nmethod 513 0x000002beec327f10 code [0x000002beec3280c0, 0x000002beec328378]
Event: 3.341 Thread 0x000002be87fa22f0  510       3       java.lang.String::regionMatches (150 bytes)
Event: 3.342 Thread 0x000002be87fa22f0 nmethod 510 0x000002beec328490 code [0x000002beec3286e0, 0x000002beec328ee8]
Event: 3.342 Thread 0x000002be87fa22f0  515       1       java.io.File::getPrefixLength (5 bytes)
Event: 3.342 Thread 0x000002be884d6830 nmethod 493 0x000002bef3e2ab10 code [0x000002bef3e2aca0, 0x000002bef3e2b208]
Event: 3.342 Thread 0x000002be87fa22f0 nmethod 515 0x000002bef3e2b510 code [0x000002bef3e2b6a0, 0x000002bef3e2b778]
Event: 3.342 Thread 0x000002be87fa22f0  516       1       java.net.URL::getUserInfo (5 bytes)
Event: 3.342 Thread 0x000002be87fa22f0 nmethod 516 0x000002bef3e2b810 code [0x000002bef3e2b9a0, 0x000002bef3e2ba78]
Event: 3.342 Thread 0x000002be87fa22f0  518   !   3       java.net.URL::<init> (543 bytes)
Event: 3.342 Thread 0x000002be884d6830  467       4       java.io.File::hashCode (8 bytes)
Event: 3.344 Thread 0x000002be87f94410 nmethod 494 0x000002bef3e2bb10 code [0x000002bef3e2bca0, 0x000002bef3e2c208]
Event: 3.345 Thread 0x000002be87f94410  468       4       java.util.LinkedHashMap::newNode (23 bytes)

GC Heap History (1 events):
Event: 3.346 GC heap before
{Heap before GC invocations=0 (full 0):
 garbage-first heap   total 258048K, used 22528K [0x0000000704400000, 0x0000000800000000)
  region size 2048K, 11 young (22528K), 0 survivors (0K)
 Metaspace       used 819K, committed 960K, reserved 1114112K
  class space    used 56K, committed 128K, reserved 1048576K
}

Dll operation events (6 events):
Event: 0.005 Loaded shared library C:\Program Files\Unity\Hub\Editor\6000.3.5f2\Editor\Data\PlaybackEngines\AndroidPlayer\OpenJDK\bin\java.dll
Event: 0.016 Loaded shared library C:\Program Files\Unity\Hub\Editor\6000.3.5f2\Editor\Data\PlaybackEngines\AndroidPlayer\OpenJDK\bin\jsvml.dll
Event: 1.071 Loaded shared library C:\Program Files\Unity\Hub\Editor\6000.3.5f2\Editor\Data\PlaybackEngines\AndroidPlayer\OpenJDK\bin\net.dll
Event: 1.074 Loaded shared library C:\Program Files\Unity\Hub\Editor\6000.3.5f2\Editor\Data\PlaybackEngines\AndroidPlayer\OpenJDK\bin\nio.dll
Event: 1.080 Loaded shared library C:\Program Files\Unity\Hub\Editor\6000.3.5f2\Editor\Data\PlaybackEngines\AndroidPlayer\OpenJDK\bin\zip.dll
Event: 1.301 Loaded shared library C:\Program Files\Unity\Hub\Editor\6000.3.5f2\Editor\Data\PlaybackEngines\AndroidPlayer\OpenJDK\bin\jimage.dll

Deoptimization events (20 events):
Event: 1.180 Thread 0x000002bee4747330 DEOPT PACKING pc=0x000002beec27ae0c sp=0x000000e1b27feab0
Event: 1.180 Thread 0x000002bee4747330 DEOPT UNPACKING pc=0x000002bef3707143 sp=0x000000e1b27fdf40 mode 0
Event: 1.185 Thread 0x000002bee4747330 DEOPT PACKING pc=0x000002beec29ef82 sp=0x000000e1b27fed50
Event: 1.185 Thread 0x000002bee4747330 DEOPT UNPACKING pc=0x000002bef3707143 sp=0x000000e1b27fe210 mode 0
Event: 1.186 Thread 0x000002bee4747330 DEOPT PACKING pc=0x000002beec29ef82 sp=0x000000e1b27fedd0
Event: 1.186 Thread 0x000002bee4747330 DEOPT UNPACKING pc=0x000002bef3707143 sp=0x000000e1b27fe290 mode 0
Event: 1.187 Thread 0x000002bee4747330 DEOPT PACKING pc=0x000002beec29ef82 sp=0x000000e1b27fed50
Event: 1.187 Thread 0x000002bee4747330 DEOPT UNPACKING pc=0x000002bef3707143 sp=0x000000e1b27fe210 mode 0
Event: 1.190 Thread 0x000002bee4747330 DEOPT PACKING pc=0x000002beec29ef82 sp=0x000000e1b27fedd0
Event: 1.190 Thread 0x000002bee4747330 DEOPT UNPACKING pc=0x000002bef3707143 sp=0x000000e1b27fe290 mode 0
Event: 1.290 Thread 0x000002bee4747330 DEOPT PACKING pc=0x000002beec2d6a66 sp=0x000000e1b27fecd0
Event: 1.290 Thread 0x000002bee4747330 DEOPT UNPACKING pc=0x000002bef3707143 sp=0x000000e1b27fe1c0 mode 0
Event: 1.295 Thread 0x000002bee4747330 Uncommon trap: trap_request=0xffffff45 fr.pc=0x000002bef3e249c8 relative=0x0000000000000f48
Event: 1.295 Thread 0x000002bee4747330 Uncommon trap: reason=unstable_if action=reinterpret pc=0x000002bef3e249c8 method=java.util.HashMap.putVal(ILjava/lang/Object;Ljava/lang/Object;ZZ)Ljava/lang/Object; @ 69 c2
Event: 1.295 Thread 0x000002bee4747330 DEOPT PACKING pc=0x000002bef3e249c8 sp=0x000000e1b27feef0
Event: 1.295 Thread 0x000002bee4747330 DEOPT UNPACKING pc=0x000002bef37069a3 sp=0x000000e1b27feea0 mode 2
Event: 3.344 Thread 0x000002bee4747330 Uncommon trap: trap_request=0xffffff45 fr.pc=0x000002bef3e22194 relative=0x00000000000001f4
Event: 3.344 Thread 0x000002bee4747330 Uncommon trap: reason=unstable_if action=reinterpret pc=0x000002bef3e22194 method=java.io.WinNTFileSystem.normalize(Ljava/lang/String;)Ljava/lang/String; @ 104 c2
Event: 3.344 Thread 0x000002bee4747330 DEOPT PACKING pc=0x000002bef3e22194 sp=0x000000e1b27fe950
Event: 3.344 Thread 0x000002bee4747330 DEOPT UNPACKING pc=0x000002bef37069a3 sp=0x000000e1b27fe8d8 mode 2

Classes unloaded (0 events):
No events

Classes redefined (0 events):
No events

Internal exceptions (1 events):
Event: 1.099 Thread 0x000002bee4747330 Exception <a 'java/lang/NoSuchMethodError'{0x0000000713c4e498}: 'int java.lang.invoke.DirectMethodHandle$Holder.invokeStaticInit(java.lang.Object, java.lang.Object)'> (0x0000000713c4e498) 
thrown [s\src\hotspot\share\interpreter\linkResolver.cpp, line 759]

VM Operations (7 events):
Event: 1.026 Executing VM operation: Cleanup
Event: 1.057 Executing VM operation: Cleanup done
Event: 1.080 Executing VM operation: HandshakeAllThreads
Event: 1.081 Executing VM operation: HandshakeAllThreads done
Event: 2.082 Executing VM operation: Cleanup
Event: 2.083 Executing VM operation: Cleanup done
Event: 3.345 Executing VM operation: G1CollectForAllocation

Events (20 events):
Event: 1.158 loading class java/io/InputStreamReader done
Event: 1.159 loading class java/util/regex/Pattern$BnM
Event: 1.159 loading class java/util/regex/Pattern$BnM done
Event: 1.159 loading class java/util/regex/Pattern$SliceS
Event: 1.159 loading class java/util/regex/Pattern$SliceS done
Event: 1.160 loading class java/util/LinkedHashMap$LinkedKeySet
Event: 1.161 loading class java/util/LinkedHashMap$LinkedKeySet done
Event: 1.161 loading class java/util/LinkedHashMap$LinkedKeyIterator
Event: 1.161 loading class java/util/LinkedHashMap$LinkedKeyIterator done
Event: 1.162 loading class java/lang/invoke/DirectMethodHandle$Special
Event: 1.162 loading class java/lang/invoke/DirectMethodHandle$Special done
Event: 1.214 Thread 0x000002be884d6830 Thread added: 0x000002be884d6830
Event: 1.298 Thread 0x000002be88563090 Thread added: 0x000002be88563090
Event: 1.301 Thread 0x000002be884eb200 Thread added: 0x000002be884eb200
Event: 1.301 Thread 0x000002be88956a20 Thread added: 0x000002be88956a20
Event: 1.302 loading class jdk/internal/jimage/ImageLocation
Event: 1.302 loading class jdk/internal/jimage/ImageLocation done
Event: 3.322 Thread 0x000002be8831f980 Thread exited: 0x000002be8831f980
Event: 3.343 loading class java/net/URLClassLoader$1
Event: 3.343 loading class java/net/URLClassLoader$1 done


Dynamic libraries:
0x00007ff7abca0000 - 0x00007ff7abcae000 	C:\Program Files\Unity\Hub\Editor\6000.3.5f2\Editor\Data\PlaybackEngines\AndroidPlayer\OpenJDK\bin\java.exe
0x00007fff262a0000 - 0x00007fff26508000 	C:\WINDOWS\SYSTEM32\ntdll.dll
0x00007fff24ba0000 - 0x00007fff24c69000 	C:\WINDOWS\System32\KERNEL32.DLL
0x00007fff23890000 - 0x00007fff23c81000 	C:\WINDOWS\System32\KERNELBASE.dll
0x00007fff22c30000 - 0x00007fff22d7b000 	C:\WINDOWS\System32\ucrtbase.dll
0x00007fff0b330000 - 0x00007fff0b347000 	C:\Program Files\Unity\Hub\Editor\6000.3.5f2\Editor\Data\PlaybackEngines\AndroidPlayer\OpenJDK\bin\jli.dll
0x00007fff09ce0000 - 0x00007fff09cfb000 	C:\Program Files\Unity\Hub\Editor\6000.3.5f2\Editor\Data\PlaybackEngines\AndroidPlayer\OpenJDK\bin\VCRUNTIME140.dll
0x00007fff256a0000 - 0x00007fff25866000 	C:\WINDOWS\System32\USER32.dll
0x00007fff23d20000 - 0x00007fff23d47000 	C:\WINDOWS\System32\win32u.dll
0x00007fff261f0000 - 0x00007fff2621b000 	C:\WINDOWS\System32\GDI32.dll
0x00007fff0b830000 - 0x00007fff0bac3000 	C:\WINDOWS\WinSxS\amd64_microsoft.windows.common-controls_6595b64144ccf1df_6.0.26100.7824_none_3e0870b2e3345462\COMCTL32.dll
0x00007fff22d80000 - 0x00007fff22eab000 	C:\WINDOWS\System32\gdi32full.dll
0x00007fff24d00000 - 0x00007fff24da9000 	C:\WINDOWS\System32\msvcrt.dll
0x00007fff22b80000 - 0x00007fff22c23000 	C:\WINDOWS\System32\msvcp_win.dll
0x00007fff26220000 - 0x00007fff26251000 	C:\WINDOWS\System32\IMM32.DLL
0x00007fff0a7b0000 - 0x00007fff0a7bc000 	C:\Program Files\Unity\Hub\Editor\6000.3.5f2\Editor\Data\PlaybackEngines\AndroidPlayer\OpenJDK\bin\vcruntime140_1.dll
0x00007ffe919d0000 - 0x00007ffe91a5d000 	C:\Program Files\Unity\Hub\Editor\6000.3.5f2\Editor\Data\PlaybackEngines\AndroidPlayer\OpenJDK\bin\msvcp140.dll
0x00007ffe087b0000 - 0x00007ffe09411000 	C:\Program Files\Unity\Hub\Editor\6000.3.5f2\Editor\Data\PlaybackEngines\AndroidPlayer\OpenJDK\bin\server\jvm.dll
0x00007fff24f20000 - 0x00007fff24fd4000 	C:\WINDOWS\System32\ADVAPI32.dll
0x00007fff24a60000 - 0x00007fff24b06000 	C:\WINDOWS\System32\sechost.dll
0x00007fff24db0000 - 0x00007fff24ec8000 	C:\WINDOWS\System32\RPCRT4.dll
0x00007fff11220000 - 0x00007fff1122a000 	C:\WINDOWS\SYSTEM32\WSOCK32.dll
0x00007fff21750000 - 0x00007fff217ae000 	C:\WINDOWS\SYSTEM32\POWRPROF.dll
0x00007fff24c80000 - 0x00007fff24cf4000 	C:\WINDOWS\System32\WS2_32.dll
0x00007fff1b7b0000 - 0x00007fff1b7bb000 	C:\WINDOWS\SYSTEM32\VERSION.dll
0x00007fff14460000 - 0x00007fff14495000 	C:\WINDOWS\SYSTEM32\WINMM.dll
0x00007fff21730000 - 0x00007fff21744000 	C:\WINDOWS\SYSTEM32\UMPDC.dll
0x00007fff21a00000 - 0x00007fff21a1b000 	C:\WINDOWS\SYSTEM32\kernel.appcore.dll
0x00007ffef2710000 - 0x00007ffef271a000 	C:\Program Files\Unity\Hub\Editor\6000.3.5f2\Editor\Data\PlaybackEngines\AndroidPlayer\OpenJDK\bin\jimage.dll
0x00007fff207c0000 - 0x00007fff20a02000 	C:\WINDOWS\SYSTEM32\DBGHELP.DLL
0x00007fff246d0000 - 0x00007fff24a56000 	C:\WINDOWS\System32\combase.dll
0x00007fff255c0000 - 0x00007fff25697000 	C:\WINDOWS\System32\OLEAUT32.dll
0x00007ffef4900000 - 0x00007ffef493b000 	C:\WINDOWS\SYSTEM32\dbgcore.DLL
0x00007fff23e10000 - 0x00007fff23eb5000 	C:\WINDOWS\System32\bcryptPrimitives.dll
0x00007ffeac600000 - 0x00007ffeac625000 	C:\Program Files\Unity\Hub\Editor\6000.3.5f2\Editor\Data\PlaybackEngines\AndroidPlayer\OpenJDK\bin\java.dll
0x00007ffe918f0000 - 0x00007ffe919c7000 	C:\Program Files\Unity\Hub\Editor\6000.3.5f2\Editor\Data\PlaybackEngines\AndroidPlayer\OpenJDK\bin\jsvml.dll
0x00007fff25980000 - 0x00007fff260d2000 	C:\WINDOWS\System32\SHELL32.dll
0x00007fff23720000 - 0x00007fff2388a000 	C:\WINDOWS\System32\wintypes.dll
0x00007fff22eb0000 - 0x00007fff23713000 	C:\WINDOWS\System32\windows.storage.dll
0x00007fff260e0000 - 0x00007fff261d6000 	C:\WINDOWS\System32\SHCORE.dll
0x00007fff24600000 - 0x00007fff24667000 	C:\WINDOWS\System32\shlwapi.dll
0x00007fff22aa0000 - 0x00007fff22ac9000 	C:\WINDOWS\SYSTEM32\profapi.dll
0x00007ffeab8c0000 - 0x00007ffeab8d9000 	C:\Program Files\Unity\Hub\Editor\6000.3.5f2\Editor\Data\PlaybackEngines\AndroidPlayer\OpenJDK\bin\net.dll
0x00007fff1aa30000 - 0x00007fff1ab57000 	C:\WINDOWS\SYSTEM32\WINHTTP.dll
0x00007fff21f50000 - 0x00007fff21fbb000 	C:\WINDOWS\system32\mswsock.dll
0x00007ffeab8a0000 - 0x00007ffeab8b6000 	C:\Program Files\Unity\Hub\Editor\6000.3.5f2\Editor\Data\PlaybackEngines\AndroidPlayer\OpenJDK\bin\nio.dll
0x00007ffeab880000 - 0x00007ffeab898000 	C:\Program Files\Unity\Hub\Editor\6000.3.5f2\Editor\Data\PlaybackEngines\AndroidPlayer\OpenJDK\bin\zip.dll

dbghelp: loaded successfully - version: 4.0.5 - missing functions: none
symbol engine: initialized successfully - sym options: 0x614 - pdb path: .;C:\Program Files\Unity\Hub\Editor\6000.3.5f2\Editor\Data\PlaybackEngines\AndroidPlayer\OpenJDK\bin;C:\WINDOWS\SYSTEM32;C:\WINDOWS\WinSxS\amd64_microsoft.windows.common-controls_6595b64144ccf1df_6.0.26100.7824_none_3e0870b2e3345462;C:\Program Files\Unity\Hub\Editor\6000.3.5f2\Editor\Data\PlaybackEngines\AndroidPlayer\OpenJDK\bin\server

VM Arguments:
java_command: org.gradle.launcher.GradleMain -Dorg.gradle.jvmargs=-Xmx4096m --stop
java_class_path (initial): C:\Program Files\Unity\Hub\Editor\6000.3.5f2\Editor\Data\PlaybackEngines\AndroidPlayer\Tools\gradle\lib\gradle-launcher-8.13.jar
Launcher Type: SUN_STANDARD

[Global flags]
     intx CICompilerCount                          = 12                                        {product} {ergonomic}
     uint ConcGCThreads                            = 3                                         {product} {ergonomic}
     uint G1ConcRefinementThreads                  = 13                                        {product} {ergonomic}
   size_t G1HeapRegionSize                         = 2097152                                   {product} {ergonomic}
    uintx GCDrainStackTargetSize                   = 64                                        {product} {ergonomic}
   size_t InitialHeapSize                          = 264241152                                 {product} {ergonomic}
   size_t MarkStackSize                            = 4194304                                   {product} {ergonomic}
   size_t MaxHeapSize                              = 4223664128                                {product} {ergonomic}
   size_t MaxNewSize                               = 2533359616                                {product} {ergonomic}
   size_t MinHeapDeltaBytes                        = 2097152                                   {product} {ergonomic}
   size_t MinHeapSize                              = 8388608                                   {product} {ergonomic}
    uintx NonNMethodCodeHeapSize                   = 7602480                                {pd product} {ergonomic}
    uintx NonProfiledCodeHeapSize                  = 122027880                              {pd product} {ergonomic}
    uintx ProfiledCodeHeapSize                     = 122027880                              {pd product} {ergonomic}
    uintx ReservedCodeCacheSize                    = 251658240                              {pd product} {ergonomic}
     bool SegmentedCodeCache                       = true                                      {product} {ergonomic}
   size_t SoftMaxHeapSize                          = 4223664128                             {manageable} {ergonomic}
     bool UseCompressedClassPointers               = true                           {product lp64_product} {ergonomic}
     bool UseCompressedOops                        = true                           {product lp64_product} {ergonomic}
     bool UseG1GC                                  = true                                      {product} {ergonomic}
     bool UseLargePagesIndividualAllocation        = false                                  {pd product} {ergonomic}

Logging:
Log output configuration:
 #0: stdout all=warning uptime,level,tags
 #1: stderr all=off uptime,level,tags

Environment Variables:
JAVA_HOME=C:\Program Files\Unity\Hub\Editor\6000.3.5f2\Editor\Data\PlaybackEngines\AndroidPlayer\OpenJDK
PATH=C:\Program Files\Meta Horizon\Support\oculus-runtime;C:\WINDOWS\system32;C:\WINDOWS;C:\WINDOWS\System32\Wbem;C:\WINDOWS\System32\WindowsPowerShell\v1.0\;C:\WINDOWS\System32\OpenSSH\;C:\Program Files\NVIDIA Corporation\NVIDIA App\NvDLISR;C:\Program Files (x86)\NVIDIA Corporation\PhysX\Common;C:\ProgramData\ComposerSetup\bin;C:\Program Files\CMake\bin;C:\Program Files\nodejs\;C:\Program Files (x86)\Windows Kits\10\Windows Performance Toolkit\;C:\Users\morit\AppData\Local\Programs\PHP\8.4.18\nts\x64;C:\Users\morit\scoop\apps\git\current\cmd;C:\Users\morit\scoop\shims;C:\Users\morit\AppData\Local\Microsoft\WindowsApps;C:\Users\morit\AppData\Local\GitHubDesktop\bin;C:\Users\morit\AppData\Local\Programs\Microsoft VS Code\bin;C:\Users\morit\AppData\Roaming\Composer\vendor\bin;C:\Users\morit\AppData\Local\Packages\PythonSoftwareFoundation.Python.3.13_qbz5n2kfra8p0\LocalCache\local-packages\Python313\Scripts;C:\Users\morit\AppData\Roaming\npm;C:\MinGW\bin;
USERNAME=morit
OS=Windows_NT
PROCESSOR_IDENTIFIER=Intel64 Family 6 Model 154 Stepping 3, GenuineIntel
TMP=C:\Users\morit\AppData\Local\Temp
TEMP=C:\Users\morit\AppData\Local\Temp



Periodic native trim disabled


---------------  S Y S T E M  ---------------

OS:
 Windows 11 , 64 bit Build 26100 (10.0.26100.7705)
OS uptime: 1 days 16:25 hours
Hyper-V role detected

CPU: total 16 (initial active 16) (8 cores per cpu, 2 threads per core) family 6 model 154 stepping 3 microcode 0x41e, cx8, cmov, fxsr, ht, mmx, 3dnowpref, sse, sse2, sse3, ssse3, sse4.1, sse4.2, popcnt, lzcnt, tsc, tscinvbit, avx, avx2, aes, erms, clmul, bmi1, bmi2, adx, sha, fma, vzeroupper, clflush, clflushopt, clwb, hv
Processor Information for processor 0
  Max Mhz: 2300, Current Mhz: 2300, Mhz Limit: 2300
Processor Information for processor 1
  Max Mhz: 2300, Current Mhz: 1506, Mhz Limit: 2300
Processor Information for processor 2
  Max Mhz: 2300, Current Mhz: 2300, Mhz Limit: 2300
Processor Information for processor 3
  Max Mhz: 2300, Current Mhz: 1506, Mhz Limit: 2300
Processor Information for processor 4
  Max Mhz: 2300, Current Mhz: 2300, Mhz Limit: 2300
Processor Information for processor 5
  Max Mhz: 2300, Current Mhz: 2300, Mhz Limit: 2300
Processor Information for processor 6
  Max Mhz: 2300, Current Mhz: 2300, Mhz Limit: 2300
Processor Information for processor 7
  Max Mhz: 2300, Current Mhz: 2300, Mhz Limit: 2300
Processor Information for processor 8
  Max Mhz: 2300, Current Mhz: 2300, Mhz Limit: 2300
Processor Information for processor 9
  Max Mhz: 2300, Current Mhz: 2300, Mhz Limit: 2300
Processor Information for processor 10
  Max Mhz: 2300, Current Mhz: 2300, Mhz Limit: 2300
Processor Information for processor 11
  Max Mhz: 2300, Current Mhz: 1506, Mhz Limit: 2300
Processor Information for processor 12
  Max Mhz: 2300, Current Mhz: 1700, Mhz Limit: 1679
Processor Information for processor 13
  Max Mhz: 2300, Current Mhz: 1700, Mhz Limit: 1679
Processor Information for processor 14
  Max Mhz: 2300, Current Mhz: 1700, Mhz Limit: 1679
Processor Information for processor 15
  Max Mhz: 2300, Current Mhz: 1700, Mhz Limit: 1679

Memory: 4k page, system-wide physical 16104M (1556M free)
TotalPageFile size 32104M (AvailPageFile size 446M)
current process WorkingSet (physical memory assigned to process): 71M, peak: 71M
current process commit charge ("private bytes"): 361M, peak: 362M

vm_info: OpenJDK 64-Bit Server VM (17.0.9+9) for windows-amd64 JRE (17.0.9+9), built on Oct 26 2023 14:01:42 by "admin" with MS VC++ 16.10 / 16.11 (VS2019)

END.
